== synth: 25 fresh instances ==
  [always_cheap] 2/25 D=1 PASS ($0.01)
  [always_cheap] 3/25 D=1 PASS ($0.01)
  [always_cheap] 5/25 D=1 PASS ($0.02)
  [always_cheap] 1/25 D=1 PASS ($0.03)
  [always_cheap] 4/25 D=1 PASS ($0.05)
  [always_cheap] 8/25 D=2 fail ($0.07)
  [always_cheap] 7/25 D=2 fail ($0.11)
  [always_cheap] 9/25 D=2 PASS ($0.16)
  [always_cheap] 6/25 D=2 fail ($0.22)
  [always_cheap] 11/25 D=3 fail ($0.27)
  [always_cheap] 15/25 D=3 fail ($0.32)
  [always_cheap] 13/25 D=3 fail ($0.37)
  [always_cheap] 10/25 D=2 fail ($0.43)
  [always_cheap] 12/25 D=3 fail ($0.49)
  [always_cheap] 14/25 D=3 fail ($0.55)
  [always_cheap] 16/25 D=4 fail ($0.60)
  [always_cheap] 19/25 D=4 fail ($0.64)
  [always_cheap] 18/25 D=4 fail ($0.69)
  [always_cheap] 17/25 D=4 fail ($0.74)
  [always_cheap] 22/25 D=5 fail ($0.79)
  [always_cheap] 20/25 D=4 fail ($0.85)
  [always_cheap] 21/25 D=5 fail ($0.92)
  [always_cheap] 24/25 D=5 fail ($0.97)
  [always_cheap] 23/25 D=5 fail ($1.04)
  [always_cheap] 25/25 D=5 fail ($1.11)
always_cheap {'solved': '6/25', 'solve_rate': 0.24, 'cost_usd': 1.112, 'cost_per_solved_usd': 0.1853, 'n_escalated': 0}
  [always_premium] 5/25 D=1 PASS ($1.12)
  [always_premium] 2/25 D=1 PASS ($1.14)
  [always_premium] 1/25 D=1 PASS ($1.14)
  [always_premium] 3/25 D=1 PASS ($1.16)
  [always_premium] 4/25 D=1 PASS ($1.18)
  [always_premium] 7/25 D=2 PASS ($1.26)
  [always_premium] 9/25 D=2 PASS ($1.31)
  [always_premium] 10/25 D=2 PASS ($1.39)
  [always_premium] 8/25 D=2 PASS ($1.53)
  [always_premium] 11/25 D=3 PASS ($1.68)
  [always_premium] 6/25 D=2 PASS ($1.85)
  [always_premium] 14/25 D=3 PASS ($2.00)
  [always_premium] 15/25 D=3 PASS ($2.12)
  [always_premium] 19/25 D=4 PASS ($2.41)
  [always_premium] 12/25 D=3 PASS ($3.10)
  [always_premium] 17/25 D=4 fail ($3.68)
  [always_premium] 13/25 D=3 fail ($4.50)
  [always_premium] 21/25 D=5 PASS ($4.71)
  [always_premium] 18/25 D=4 PASS ($5.53)
  [always_premium] 16/25 D=4 fail ($6.40)
  [always_premium] 20/25 D=4 fail ($6.43)
  [always_premium] 23/25 D=5 fail ($7.17)
  [always_premium] 22/25 D=5 fail ($8.26)
  [always_premium] 24/25 D=5 fail ($8.44)
  [always_premium] 25/25 D=5 fail ($9.53)
always_premium {'solved': '17/25', 'solve_rate': 0.68, 'cost_usd': 8.418, 'cost_per_solved_usd': 0.4952, 'n_escalated': 0}
  [consistency_router] 5/25 D=1 PASS ($9.56)
  [consistency_router] 2/25 D=1 PASS ($9.59)
  [consistency_router] 4/25 D=1 PASS ($9.60)
  [consistency_router] 1/25 D=1 PASS ($9.61)
  [consistency_router] 3/25 D=1 PASS ($9.62)
  [consistency_router] 10/25 D=2 PASS ($9.96)
  [consistency_router] 7/25 D=2 PASS esc ($10.09)
  [consistency_router] 9/25 D=2 PASS ($10.16)
  [consistency_router] 6/25 D=2 PASS esc ($10.41)
  [consistency_router] 11/25 D=3 PASS esc ($10.55)
  [consistency_router] 8/25 D=2 PASS esc ($10.80)
  [consistency_router] 12/25 D=3 PASS esc ($11.39)
  [consistency_router] 15/25 D=3 PASS esc ($11.47)
  [consistency_router] 14/25 D=3 PASS esc ($11.85)
  [consistency_router] 13/25 D=3 fail esc ($12.72)
  [consistency_router] 16/25 D=4 PASS esc ($13.65)
  [consistency_router] 18/25 D=4 PASS esc ($13.80)
  [consistency_router] 17/25 D=4 fail esc ($14.66)
  [consistency_router] 19/25 D=4 fail esc ($15.94)
  [consistency_router] 21/25 D=5 PASS esc ($16.13)
  [consistency_router] 20/25 D=4 fail esc ($17.34)
  [consistency_router] 23/25 D=5 fail esc ($18.09)
  [consistency_router] 22/25 D=5 fail esc ($19.31)
  [consistency_router] 24/25 D=5 fail esc ($20.17)
  [consistency_router] 25/25 D=5 fail esc ($21.23)
consistency_router {'solved': '17/25', 'solve_rate': 0.68, 'cost_usd': 11.697, 'cost_per_solved_usd': 0.688, 'n_escalated': 18}
  [quota_random] 2/25 D=1 PASS esc ($21.24)
  [quota_random] 1/25 D=1 PASS esc ($21.25)
  [quota_random] 4/25 D=1 PASS esc ($21.27)
  [quota_random] 3/25 D=1 PASS esc ($21.28)
  [quota_random] 6/25 D=2 PASS esc ($21.35)
  [quota_random] 10/25 D=2 PASS esc ($21.44)
  [quota_random] 9/25 D=2 PASS esc ($21.52)
  [quota_random] 5/25 D=1 fail ($21.52)
  [quota_random] 8/25 D=2 PASS esc ($21.66)
  [quota_random] 7/25 D=2 fail ($21.66)
  [quota_random] 12/25 D=3 PASS esc ($21.78)
  [quota_random] 14/25 D=3 fail ($21.78)
  [quota_random] 15/25 D=3 PASS esc ($21.91)
  [quota_random] 17/25 D=4 fail ($21.91)
  [quota_random] 20/25 D=4 fail ($21.91)
  [quota_random] 11/25 D=3 PASS esc ($22.35)
  [quota_random] 21/25 D=5 fail ($22.35)
  [quota_random] 16/25 D=4 fail esc ($23.11)
  [quota_random] 24/25 D=5 fail ($23.11)
  [quota_random] 18/25 D=4 fail esc ($23.85)
  [quota_random] 19/25 D=4 fail esc ($24.72)
  [quota_random] 13/25 D=3 fail esc ($25.75)
  [quota_random] 22/25 D=5 fail esc ($26.83)
  [quota_random] 23/25 D=5 fail esc ($27.88)
  [quota_random] 25/25 D=5 fail esc ($28.67)
quota_random {'solved': '11/25', 'solve_rate': 0.44, 'cost_usd': 7.44, 'cost_per_solved_usd': 0.6764, 'n_escalated': 18}
done; total $ 28.67
