stage percall-minimax-or2: 60 calls to run (cap $5.00)
[22:42:02] 25/60 done, $263.23 spent ($0.09 reserved)
[00:15:32] 50/60 done, $263.95 spent ($0.26 reserved)
[00:45:40] 60/60 done, $264.03 spent ($0.00 reserved)
Traceback (most recent call last):
  File "<frozen runpy>", line 203, in _run_module_as_main
  File "<frozen runpy>", line 88, in _run_code
  File "/Users/posix4e/src/difficulty-response-curves/src/drc/cli.py", line 308, in <module>
    sys.exit(main())
             ~~~~^^
  File "/Users/posix4e/src/difficulty-response-curves/src/drc/cli.py", line 304, in main
    return args.fn(args)
           ~~~~~~~^^^^^^
  File "/Users/posix4e/src/difficulty-response-curves/src/drc/cli.py", line 66, in cmd_run_stage
    asyncio.run(client.aclose())
    ~~~~~~~~~~~^^^^^^^^^^^^^^^^^
  File "/opt/homebrew/Cellar/python@3.14/3.14.5/Frameworks/Python.framework/Versions/3.14/lib/python3.14/asyncio/runners.py", line 204, in run
    return runner.run(main)
           ~~~~~~~~~~^^^^^^
  File "/opt/homebrew/Cellar/python@3.14/3.14.5/Frameworks/Python.framework/Versions/3.14/lib/python3.14/asyncio/runners.py", line 127, in run
    return self._loop.run_until_complete(task)
           ~~~~~~~~~~~~~~~~~~~~~~~~~~~~~^^^^^^
  File "/opt/homebrew/Cellar/python@3.14/3.14.5/Frameworks/Python.framework/Versions/3.14/lib/python3.14/asyncio/base_events.py", line 719, in run_until_complete
    return future.result()
           ~~~~~~~~~~~~~^^
  File "/Users/posix4e/src/difficulty-response-curves/src/drc/runner/client.py", line 60, in aclose
    await self.http.aclose()
  File "/Users/posix4e/src/difficulty-response-curves/.venv/lib/python3.14/site-packages/httpx/_client.py", line 1985, in aclose
    await self._transport.aclose()
  File "/Users/posix4e/src/difficulty-response-curves/.venv/lib/python3.14/site-packages/httpx/_transports/default.py", line 406, in aclose
    await self._pool.aclose()
  File "/Users/posix4e/src/difficulty-response-curves/.venv/lib/python3.14/site-packages/httpcore/_async/connection_pool.py", line 353, in aclose
    await self._close_connections(closing_connections)
  File "/Users/posix4e/src/difficulty-response-curves/.venv/lib/python3.14/site-packages/httpcore/_async/connection_pool.py", line 345, in _close_connections
    await connection.aclose()
  File "/Users/posix4e/src/difficulty-response-curves/.venv/lib/python3.14/site-packages/httpcore/_async/connection.py", line 173, in aclose
    await self._connection.aclose()
  File "/Users/posix4e/src/difficulty-response-curves/.venv/lib/python3.14/site-packages/httpcore/_async/http11.py", line 258, in aclose
    await self._network_stream.aclose()
  File "/Users/posix4e/src/difficulty-response-curves/.venv/lib/python3.14/site-packages/httpcore/_backends/anyio.py", line 53, in aclose
    await self._stream.aclose()
  File "/Users/posix4e/src/difficulty-response-curves/.venv/lib/python3.14/site-packages/anyio/streams/tls.py", line 236, in aclose
    await self.transport_stream.aclose()
  File "/Users/posix4e/src/difficulty-response-curves/.venv/lib/python3.14/site-packages/anyio/_backends/_asyncio.py", line 1374, in aclose
    self._transport.close()
    ~~~~~~~~~~~~~~~~~~~~~^^
  File "/opt/homebrew/Cellar/python@3.14/3.14.5/Frameworks/Python.framework/Versions/3.14/lib/python3.14/asyncio/selector_events.py", line 1216, in close
    super().close()
    ~~~~~~~~~~~~~^^
  File "/opt/homebrew/Cellar/python@3.14/3.14.5/Frameworks/Python.framework/Versions/3.14/lib/python3.14/asyncio/selector_events.py", line 869, in close
    self._loop.call_soon(self._call_connection_lost, None)
    ~~~~~~~~~~~~~~~~~~~~^^^^^^^^^^^^^^^^^^^^^^^^^^^^^^^^^^
  File "/opt/homebrew/Cellar/python@3.14/3.14.5/Frameworks/Python.framework/Versions/3.14/lib/python3.14/asyncio/base_events.py", line 827, in call_soon
    self._check_closed()
    ~~~~~~~~~~~~~~~~~~^^
  File "/opt/homebrew/Cellar/python@3.14/3.14.5/Frameworks/Python.framework/Versions/3.14/lib/python3.14/asyncio/base_events.py", line 550, in _check_closed
    raise RuntimeError('Event loop is closed')
RuntimeError: Event loop is closed
